[[[ErrorJsonResultException]]]
[2024/11/22 17:29:12.6756]
[线程：9]
	ErrorJsonResultException
	AccessTokenOrAppId：null
	URL：https://api.weixin.qq.com/tcb/batchdownloadfile?access_token=86_JprDMJ1hHZtw7FZlq8Rj5UYbEaEq88I5hby8DIP0HrzVc-T4hqE4Z19HA83-OsQZ3Y75dAO0_MQCkVrtDaXs9RB09I2SxWFjS0yc_MAhzXVIZvDqSMNdFcKX1l8LHZeAJAVRJ
	errcode：-501007
	errmsg：invalid fileID. TcbCode: [INVALID_PARAM] rid: 67404ee8-748cc607-5d9db4f3

[[[ErrorJsonResultException]]]
[2024/11/22 17:39:53.2753]
[线程：39]
	ErrorJsonResultException
	AccessTokenOrAppId：null
	URL：https://api.weixin.qq.com/tcb/batchdownloadfile?access_token=86_JprDMJ1hHZtw7FZlq8Rj5UYbEaEq88I5hby8DIP0HrzVc-T4hqE4Z19HA83-OsQZ3Y75dAO0_MQCkVrtDaXs9RB09I2SxWFjS0yc_MAhzXVIZvDqSMNdFcKX1l8LHZeAJAVRJ
	errcode：-501007
	errmsg：invalid fileID. TcbCode: [INVALID_PARAM] rid: 67405168-6c8c2d3e-26fb348a

[[[ErrorJsonResultException]]]
[2024/11/22 17:41:50.8028]
[线程：25]
	ErrorJsonResultException
	AccessTokenOrAppId：null
	URL：https://api.weixin.qq.com/tcb/batchdownloadfile?access_token=86_JprDMJ1hHZtw7FZlq8Rj5UYbEaEq88I5hby8DIP0HrzVc-T4hqE4Z19HA83-OsQZ3Y75dAO0_MQCkVrtDaXs9RB09I2SxWFjS0yc_MAhzXVIZvDqSMNdFcKX1l8LHZeAJAVRJ
	errcode：-501007
	errmsg：invalid fileID. TcbCode: [INVALID_PARAM] rid: 674051de-013297c4-2b0cb129

[[[ErrorJsonResultException]]]
[2024/11/22 17:42:19.8741]
[线程：56]
	ErrorJsonResultException
	AccessTokenOrAppId：null
	URL：https://api.weixin.qq.com/tcb/batchdownloadfile?access_token=86_JprDMJ1hHZtw7FZlq8Rj5UYbEaEq88I5hby8DIP0HrzVc-T4hqE4Z19HA83-OsQZ3Y75dAO0_MQCkVrtDaXs9RB09I2SxWFjS0yc_MAhzXVIZvDqSMNdFcKX1l8LHZeAJAVRJ
	errcode：-501007
	errmsg：invalid fileID. TcbCode: [INVALID_PARAM] rid: 674051fb-50a463bd-630b831f

[[[ErrorJsonResultException]]]
[2024/11/22 17:46:39.8706]
[线程：72]
	ErrorJsonResultException
	AccessTokenOrAppId：null
	URL：https://api.weixin.qq.com/tcb/batchdownloadfile?access_token=86_JprDMJ1hHZtw7FZlq8Rj5UYbEaEq88I5hby8DIP0HrzVc-T4hqE4Z19HA83-OsQZ3Y75dAO0_MQCkVrtDaXs9RB09I2SxWFjS0yc_MAhzXVIZvDqSMNdFcKX1l8LHZeAJAVRJ
	errcode：-501007
	errmsg：invalid fileID. TcbCode: [INVALID_PARAM] rid: 674052ff-56f37fc1-0203988e

[[[ErrorJsonResultException]]]
[2024/11/22 17:46:53.4630]
[线程：47]
	ErrorJsonResultException
	AccessTokenOrAppId：null
	URL：https://api.weixin.qq.com/tcb/batchdownloadfile?access_token=86_JprDMJ1hHZtw7FZlq8Rj5UYbEaEq88I5hby8DIP0HrzVc-T4hqE4Z19HA83-OsQZ3Y75dAO0_MQCkVrtDaXs9RB09I2SxWFjS0yc_MAhzXVIZvDqSMNdFcKX1l8LHZeAJAVRJ
	errcode：-501007
	errmsg：invalid fileID. TcbCode: [INVALID_PARAM] rid: 6740530d-0bf69f63-14787624

[[[ErrorJsonResultException]]]
[2024/11/22 17:46:53.9660]
[线程：47]
	ErrorJsonResultException
	AccessTokenOrAppId：null
	URL：https://api.weixin.qq.com/tcb/batchdownloadfile?access_token=86_JprDMJ1hHZtw7FZlq8Rj5UYbEaEq88I5hby8DIP0HrzVc-T4hqE4Z19HA83-OsQZ3Y75dAO0_MQCkVrtDaXs9RB09I2SxWFjS0yc_MAhzXVIZvDqSMNdFcKX1l8LHZeAJAVRJ
	errcode：-501007
	errmsg：invalid fileID. TcbCode: [INVALID_PARAM] rid: 6740530d-0f2adea7-69c10de4

[[[ErrorJsonResultException]]]
[2024/11/22 17:46:54.9567]
[线程：47]
	ErrorJsonResultException
	AccessTokenOrAppId：null
	URL：https://api.weixin.qq.com/tcb/batchdownloadfile?access_token=86_JprDMJ1hHZtw7FZlq8Rj5UYbEaEq88I5hby8DIP0HrzVc-T4hqE4Z19HA83-OsQZ3Y75dAO0_MQCkVrtDaXs9RB09I2SxWFjS0yc_MAhzXVIZvDqSMNdFcKX1l8LHZeAJAVRJ
	errcode：-501007
	errmsg：invalid fileID. TcbCode: [INVALID_PARAM] rid: 6740530e-4abf988f-4e3f585e

[[[ErrorJsonResultException]]]
[2024/11/22 17:47:49.5153]
[线程：52]
	ErrorJsonResultException
	AccessTokenOrAppId：null
	URL：https://api.weixin.qq.com/tcb/batchdownloadfile?access_token=86_JprDMJ1hHZtw7FZlq8Rj5UYbEaEq88I5hby8DIP0HrzVc-T4hqE4Z19HA83-OsQZ3Y75dAO0_MQCkVrtDaXs9RB09I2SxWFjS0yc_MAhzXVIZvDqSMNdFcKX1l8LHZeAJAVRJ
	errcode：-501007
	errmsg：invalid fileID. TcbCode: [INVALID_PARAM] rid: 67405345-48275c83-68deff4f

[[[ErrorJsonResultException]]]
[2024/11/22 17:47:58.0779]
[线程：52]
	ErrorJsonResultException
	AccessTokenOrAppId：null
	URL：https://api.weixin.qq.com/tcb/batchdeletefile?access_token=86_JprDMJ1hHZtw7FZlq8Rj5UYbEaEq88I5hby8DIP0HrzVc-T4hqE4Z19HA83-OsQZ3Y75dAO0_MQCkVrtDaXs9RB09I2SxWFjS0yc_MAhzXVIZvDqSMNdFcKX1l8LHZeAJAVRJ
	errcode：40101
	errmsg：missing parameter rid: 6740534d-02d6a97c-2aaa2937

[[[ErrorJsonResultException]]]
[2024/11/22 17:48:02.3887]
[线程：55]
	ErrorJsonResultException
	AccessTokenOrAppId：null
	URL：https://api.weixin.qq.com/tcb/batchdownloadfile?access_token=86_JprDMJ1hHZtw7FZlq8Rj5UYbEaEq88I5hby8DIP0HrzVc-T4hqE4Z19HA83-OsQZ3Y75dAO0_MQCkVrtDaXs9RB09I2SxWFjS0yc_MAhzXVIZvDqSMNdFcKX1l8LHZeAJAVRJ
	errcode：-501007
	errmsg：invalid fileID. TcbCode: [INVALID_PARAM] rid: 67405352-4274fc03-315c9c4e

[[[ErrorJsonResultException]]]
[2024/11/22 17:48:37.5592]
[线程：55]
	ErrorJsonResultException
	AccessTokenOrAppId：null
	URL：https://api.weixin.qq.com/tcb/batchdownloadfile?access_token=86_JprDMJ1hHZtw7FZlq8Rj5UYbEaEq88I5hby8DIP0HrzVc-T4hqE4Z19HA83-OsQZ3Y75dAO0_MQCkVrtDaXs9RB09I2SxWFjS0yc_MAhzXVIZvDqSMNdFcKX1l8LHZeAJAVRJ
	errcode：-501007
	errmsg：invalid fileID. TcbCode: [INVALID_PARAM] rid: 67405375-4b0d2e3c-655a4d04

[[[ErrorJsonResultException]]]
[2024/11/22 17:48:39.5497]
[线程：55]
	ErrorJsonResultException
	AccessTokenOrAppId：null
	URL：https://api.weixin.qq.com/tcb/batchdownloadfile?access_token=86_JprDMJ1hHZtw7FZlq8Rj5UYbEaEq88I5hby8DIP0HrzVc-T4hqE4Z19HA83-OsQZ3Y75dAO0_MQCkVrtDaXs9RB09I2SxWFjS0yc_MAhzXVIZvDqSMNdFcKX1l8LHZeAJAVRJ
	errcode：-501007
	errmsg：invalid fileID. TcbCode: [INVALID_PARAM] rid: 67405377-53675cd9-237be306

[[[ErrorJsonResultException]]]
[2024/11/22 17:49:08.6682]
[线程：25]
	ErrorJsonResultException
	AccessTokenOrAppId：null
	URL：https://api.weixin.qq.com/tcb/batchdownloadfile?access_token=86_JprDMJ1hHZtw7FZlq8Rj5UYbEaEq88I5hby8DIP0HrzVc-T4hqE4Z19HA83-OsQZ3Y75dAO0_MQCkVrtDaXs9RB09I2SxWFjS0yc_MAhzXVIZvDqSMNdFcKX1l8LHZeAJAVRJ
	errcode：-501007
	errmsg：invalid fileID. TcbCode: [INVALID_PARAM] rid: 67405394-071d7f9e-38e08df8

[[[ErrorJsonResultException]]]
[2024/11/22 17:49:09.9959]
[线程：25]
	ErrorJsonResultException
	AccessTokenOrAppId：null
	URL：https://api.weixin.qq.com/tcb/batchdownloadfile?access_token=86_JprDMJ1hHZtw7FZlq8Rj5UYbEaEq88I5hby8DIP0HrzVc-T4hqE4Z19HA83-OsQZ3Y75dAO0_MQCkVrtDaXs9RB09I2SxWFjS0yc_MAhzXVIZvDqSMNdFcKX1l8LHZeAJAVRJ
	errcode：-501007
	errmsg：invalid fileID. TcbCode: [INVALID_PARAM] rid: 67405395-52034b68-509b997c

[[[ErrorJsonResultException]]]
[2024/11/22 17:58:06.4026]
[线程：38]
	ErrorJsonResultException
	AccessTokenOrAppId：null
	URL：https://api.weixin.qq.com/tcb/batchdeletefile?access_token=86_FKajvn2s0Z2N78YJq8Rj5UYbEaEq88I5hby8DKfeOWNy7sCutDKZUJ99LXivzLDnPUI4lOaWnUZPAXSHsx-EYeoyNRGGLi4Vz4Y3tifMZKidHpJADmVkWYZ6Y6sBLHiAFANXT
	errcode：40101
	errmsg：missing parameter rid: 674055ae-04a5eb68-13b89681

[[[ErrorJsonResultException]]]
[2024/11/22 18:01:01.4475]
[线程：58]
	ErrorJsonResultException
	AccessTokenOrAppId：null
	URL：https://api.weixin.qq.com/tcb/batchdeletefile?access_token=86_FKajvn2s0Z2N78YJq8Rj5UYbEaEq88I5hby8DKfeOWNy7sCutDKZUJ99LXivzLDnPUI4lOaWnUZPAXSHsx-EYeoyNRGGLi4Vz4Y3tifMZKidHpJADmVkWYZ6Y6sBLHiAFANXT
	errcode：40101
	errmsg：missing parameter rid: 6740565d-1daa5c7e-33da5f51

[[[ErrorJsonResultException]]]
[2024/11/22 18:09:19.1626]
[线程：68]
	ErrorJsonResultException
	AccessTokenOrAppId：null
	URL：https://api.weixin.qq.com/tcb/batchdeletefile?access_token=86_FKajvn2s0Z2N78YJq8Rj5UYbEaEq88I5hby8DKfeOWNy7sCutDKZUJ99LXivzLDnPUI4lOaWnUZPAXSHsx-EYeoyNRGGLi4Vz4Y3tifMZKidHpJADmVkWYZ6Y6sBLHiAFANXT
	errcode：40101
	errmsg：missing parameter rid: 6740584e-71333cba-4c555f3b

[[[ErrorJsonResultException]]]
[2024/11/22 18:09:22.6162]
[线程：68]
	ErrorJsonResultException
	AccessTokenOrAppId：null
	URL：https://api.weixin.qq.com/tcb/batchdeletefile?access_token=86_FKajvn2s0Z2N78YJq8Rj5UYbEaEq88I5hby8DKfeOWNy7sCutDKZUJ99LXivzLDnPUI4lOaWnUZPAXSHsx-EYeoyNRGGLi4Vz4Y3tifMZKidHpJADmVkWYZ6Y6sBLHiAFANXT
	errcode：40101
	errmsg：missing parameter rid: 67405852-3b3dcb5b-55d63662

[[[ErrorJsonResultException]]]
[2024/11/22 18:15:47.9858]
[线程：9]
	ErrorJsonResultException
	AccessTokenOrAppId：null
	URL：https://api.weixin.qq.com/tcb/batchdeletefile?access_token=86_z0JdV4rCuDH61sxyynym5aq7lolE1bYu6AmafGHgZsCnSODR5rbQ6WVFHzKuIdxCSAHsfNA0eFFWwk5PrxsjVjVT_wssMz9w1VhRaiOjBOw_o7wiCuH4uLAGgEINUYeAIAIPT
	errcode：40101
	errmsg：missing parameter rid: 674059d3-2aa644be-010d7c0e

